--- STARTING ENDPOINT TESTS ---

[1] Testing Auth Endpoints...
Γ£à POST /auth/register (Admin) - User already exists, logging in...
Γ£à POST /auth/register (Passenger) - User already exists, logging in...
Γ£à GET /auth/me - SUCCESS: admin.test@tarix.com

[2] Testing Admin Endpoints...
node : Γ¥î POST /admin/ticketers - FAILED: {
At line:1 char:1
+ node test-endpoints.js > test-results.txt 2>&1
+ ~~~~~~~~~~~~~~~~~~~~~~~~~~~~~~~~~~~~~~~~~~~~~~
    + CategoryInfo          : NotSpecified: (Γ¥î POST /admin/ticketers - FAILED: {:String) [], RemoteException
    + FullyQualifiedErrorId : NativeCommandError
 
  message: 'Failed to create ticketer',
  error: '\n' +
    'Invalid `tx.user.create()` invocation in\n' +
    'C:\\Users\\HP\\Documents\\tarix-ticketer\\tarix-ticketer\\backend\\src\\controllers\\adminController.js:22:34\n' +
    '\n' +
    '  19 \n' +
    '  20 // Use transaction to create User and StaffProfile\n' +
    '  21 const result = await prisma.$transaction(async (tx) => {\n' +
    'ΓåÆ 22   const user = await tx.user.create(\n' +
    'Unique constraint failed on the fields: (`email`)'
}
Γ¥î POST /admin/drivers - FAILED: {
  message: 'Failed to create driver',
  error: '\n' +
    'Invalid `prisma.driver.create()` invocation in\n' +
    'C:\\Users\\HP\\Documents\\tarix-ticketer\\tarix-ticketer\\backend\\src\\controllers\\adminController.js:70:40\n' +
    '\n' +
    '  67 \n' +
    '  68 const profilePhotoUrl = req.file ? req.file.path : null;\n' +
    '  69 \n' +
    'ΓåÆ 70 const driver = await prisma.driver.create({\n' +
    '       data: {\n' +
    '         fullName: "Driver Test",\n' +
    '         email: "driver.test@tarix.com",\n' +
    '         phone: "+2348000000001",\n' +
    '         bloodGroup: undefined,\n' +
    '         licenseNumber: "DL-999",\n' +
    '         yearsOfExperience: 5,\n' +
    '         licenseIssueDate: new Date("2020-01-01T00:00:00.000Z"),\n' +
    '         licenseExpiryDate: new Date("2030-01-01T00:00:00.000Z"),\n' +
    '         assignedBusId: null,\n' +
    '         employmentDate: new Date("2024-01-01T00:00:00.000Z"),\n' +
    '         monthlySalary: 80000,\n' +
    '         emergencyContactName: undefined,\n' +
    '         emergencyContactPhone: undefined,\n' +
    '         profilePhotoUrl: null,\n' +
    '     +   homeAddress: String\n' +
    '       }\n' +
    '     })\n' +
    '\n' +
    'Argument `homeAddress` is missing.'
}
Γ£à GET /admin/staff - SUCCESS, found: 4
Γ£à GET /admin/drivers - SUCCESS, found: 0

[3] Testing Bus Endpoints...
Γ¥î POST /buses - FAILED: {
  message: 'Failed to create bus',
  error: '\n' +
    'Invalid `prisma.bus.create()` invocation in\n' +
    'C:\\Users\\HP\\Documents\\tarix-ticketer\\tarix-ticketer\\backend\\src\\controllers\\busController.js:20:34\n' +
    '\n' +
    '  17 const files = req.files || {};\n' +
    '  18 \n' +
    '  19 // Create the bus record\n' +
    'ΓåÆ 20 const bus = await prisma.bus.create({\n' +
    '       data: {\n' +
    '         registrationNumber: "BUS-999",\n' +
    '         nickname: "Test Bus",\n' +
    '         engineNumber: undefined,\n' +
    '         ownerName: undefined,\n' +
    '         ownerPhone: undefined,\n' +
    '         registrationDate: null,\n' +
    '         insuranceProvider: undefined,\n' +
    '         insuranceExpiry: null,\n' +
    '         manufacturer: "Toyota",\n' +
    '         model: "Coaster",\n' +
    '         year: 2020,\n' +
    '         color: "White",\n' +
    '         fuelType: "Diesel",\n' +
    '         totalCapacity: 30,\n' +
    '         availableSeats: 30,\n' +
    '         wheelchairSeats: null,\n' +
    '         busLength: null,\n' +
    '         busWidth: null,\n' +
    '         busHeight: null,\n' +
    '         currentMileage: null,\n' +
    '         lastServiceDate: null,\n' +
    '         nextServiceDue: null,\n' +
    '         engineCapacity: null,\n' +
    '         maintenanceStatus: "Excellent",\n' +
    '         transmissionType: "Manual",\n' +
    '         amenities: [],\n' +
    '         vehicleRegistrationCertUrl: null,\n' +
    '         insuranceCertUrl: null,\n' +
    '         roadworthinessCertUrl: null,\n' +
    '         inspectionReportUrl: null,\n' +
    '         emissionTestCertUrl: null,\n' +
    '         busPhotosUrls: [],\n' +
    '     +   chassisNumber: String\n' +
    '       }\n' +
    '     })\n' +
    '\n' +
    'Argument `chassisNumber` is missing.'
}
Γ£à GET /buses - SUCCESS, found: 0

[4] Testing Trip Endpoints...
Γ¥î POST /trips - FAILED: {
  success: false,
  data: null,
  message: '\n' +
    'Invalid `prisma.trip.create()` invocation in\n' +
    'C:\\Users\\HP\\Documents\\tarix-ticketer\\tarix-ticketer\\backend\\src\\controllers\\tripController.js:104:36\n' +
    '\n' +
    '  101   price,\n' +
    '  102 } = req.body;\n' +
    '  103 \n' +
    'ΓåÆ 104 const trip = await prisma.trip.create({\n' +
    '        data: {\n' +
    '          departureDate: new Date("Invalid Date"),\n' +
    '                         ~~~~~~~~~~~~~~~~~~~~~~~~\n' +
    '          departureTime: undefined,\n' +
    '          departureTerminal: undefined,\n' +
    '          arrivalTerminal: undefined,\n' +
    '          availableSeats: 30,\n' +
    '          price: 15000\n' +
    '        }\n' +
    '      })\n' +
    '\n' +
    'Invalid value for argument `departureDate`: Provided Date object is invalid. Expected Date.'
}
Γ£à GET /trips - SUCCESS, found: undefined

[5] Testing Booking Endpoints...

--- ENDPOINT TESTS COMPLETED ---
